// Jest Snapshot v1, https://goo.gl/fbAQLP

exports[`should test header component 1`] = `
<h1>
  Todo List App !
</h1>
`;
